current directory: /home/runner/work/rodauth-rails/rodauth-rails/gemfiles/vendor/bundle/ruby/3.2.0/gems/cbor-0.5.10.1/ext/cbor
/usr/bin/ruby3.2 -I/usr/lib/ruby/vendor_ruby extconf.rb
checking for ruby/st.h... yes
checking for st.h... no
checking for rb_str_replace() in ruby.h... yes
checking for rb_big_new() in ruby.h... yes
checking for rb_intern_str() in ruby.h... yes
checking for rb_sym2str() in ruby.h... yes
checking for rb_str_intern() in ruby.h... yes
checking for rb_integer_unpack() in ruby.h... yes
checking for whether -I.. is accepted as CFLAGS... yes
checking for whether -Wall is accepted as CFLAGS... yes
checking for whether -O3 is accepted as CFLAGS... yes
checking for whether -g is accepted as CFLAGS... yes
checking for whether -std=c99 is accepted as CFLAGS... yes
creating Makefile

current directory: /home/runner/work/rodauth-rails/rodauth-rails/gemfiles/vendor/bundle/ruby/3.2.0/gems/cbor-0.5.10.1/ext/cbor
make DESTDIR\= sitearchdir\=./.gem.20251024-4804-4iofus sitelibdir\=./.gem.20251024-4804-4iofus clean

current directory: /home/runner/work/rodauth-rails/rodauth-rails/gemfiles/vendor/bundle/ruby/3.2.0/gems/cbor-0.5.10.1/ext/cbor
make DESTDIR\= sitearchdir\=./.gem.20251024-4804-4iofus sitelibdir\=./.gem.20251024-4804-4iofus
compiling buffer.c
compiling buffer_class.c
compiling core_ext.c
compiling packer.c
compiling packer_class.c
compiling rbinit.c
compiling rmem.c
compiling unpacker.c
compiling unpacker_class.c
linking shared-object cbor/cbor.so

current directory: /home/runner/work/rodauth-rails/rodauth-rails/gemfiles/vendor/bundle/ruby/3.2.0/gems/cbor-0.5.10.1/ext/cbor
make DESTDIR\= sitearchdir\=./.gem.20251024-4804-4iofus sitelibdir\=./.gem.20251024-4804-4iofus install
/usr/bin/install -c -m 0755 cbor.so ./.gem.20251024-4804-4iofus/cbor

current directory: /home/runner/work/rodauth-rails/rodauth-rails/gemfiles/vendor/bundle/ruby/3.2.0/gems/cbor-0.5.10.1/ext/cbor
make DESTDIR\= sitearchdir\=./.gem.20251024-4804-4iofus sitelibdir\=./.gem.20251024-4804-4iofus clean
